
30541 [http-nio-8080-exec-2] INFO  c.a.a.c.c.CandidateController - Requesting For Candidate By all : null
30550 [http-nio-8080-exec-2] INFO  c.a.a.c.c.CandidateController - 200 OK
358185 [http-nio-8080-exec-6] INFO  c.a.a.c.c.CandidateController - Requesting For All Candidate EmpIds
358190 [http-nio-8080-exec-6] INFO  c.a.a.c.c.CandidateController - 200 OK
1977907 [http-nio-8080-exec-10] INFO  c.a.a.c.c.CandidateController - Requesting For All Candidate EmpIds
1977926 [http-nio-8080-exec-10] ERROR c.a.a.c.c.CandidateController - 404 NOT_FOUND
1996223 [http-nio-8080-exec-10] INFO  c.a.a.c.c.CandidateController - Requesting to Create Candidate 
2020803 [http-nio-8080-exec-9] INFO  c.a.a.c.c.CandidateController - Requesting to Create Candidate 
2022374 [http-nio-8080-exec-6] INFO  c.a.a.c.c.CandidateController - Requesting For All Candidate EmpIds
2022378 [http-nio-8080-exec-6] ERROR c.a.a.c.c.CandidateController - 404 NOT_FOUND
2200004 [http-nio-8080-exec-7] INFO  c.a.a.c.c.CandidateController - Requesting to Create Candidate 
971  [main] INFO  c.a.a.c.CandidateManagementApplication - Starting CandidateManagementApplication on Ultron with PID 16376 (D:\Users\bubesh\Documents\workspace-spring-tool-suite-4-4.6.1.RELEASE\candidate-management\target\classes started by bubesh in D:\Users\bubesh\Documents\workspace-spring-tool-suite-4-4.6.1.RELEASE\candidate-management)
973  [main] INFO  c.a.a.c.CandidateManagementApplication - No active profile set, falling back to default profiles: default
5763 [main] INFO  c.a.a.c.CandidateManagementApplication - Started CandidateManagementApplication in 5.333 seconds (JVM running for 6.094)
27251 [http-nio-8080-exec-1] INFO  c.a.a.c.c.CandidateController - Requesting to Create Candidate 
314724 [http-nio-8080-exec-2] INFO  c.a.a.c.c.CandidateController - Requesting to Create Candidate 
940  [main] INFO  c.a.a.c.CandidateManagementApplication - Starting CandidateManagementApplication on Ultron with PID 10832 (D:\Users\bubesh\Documents\workspace-spring-tool-suite-4-4.6.1.RELEASE\candidate-management\target\classes started by bubesh in D:\Users\bubesh\Documents\workspace-spring-tool-suite-4-4.6.1.RELEASE\candidate-management)
942  [main] INFO  c.a.a.c.CandidateManagementApplication - No active profile set, falling back to default profiles: default
5727 [main] INFO  c.a.a.c.CandidateManagementApplication - Started CandidateManagementApplication in 5.276 seconds (JVM running for 6.06)
133302 [http-nio-8080-exec-1] INFO  c.a.a.c.c.CandidateController - Requesting to Create Candidate 
134190 [http-nio-8080-exec-1] WARN  c.a.a.c.c.CandidateController - 226 IM_USED
801  [main] INFO  c.a.a.c.CandidateManagementApplication - Starting CandidateManagementApplication on Ultron with PID 4796 (D:\Users\bubesh\Documents\workspace-spring-tool-suite-4-4.6.1.RELEASE\candidate-management\target\classes started by bubesh in D:\Users\bubesh\Documents\workspace-spring-tool-suite-4-4.6.1.RELEASE\candidate-management)
802  [main] INFO  c.a.a.c.CandidateManagementApplication - No active profile set, falling back to default profiles: default
5283 [main] INFO  c.a.a.c.CandidateManagementApplication - Started CandidateManagementApplication in 4.917 seconds (JVM running for 5.518)
36882 [http-nio-8080-exec-1] INFO  c.a.a.c.c.CandidateController - Requesting to Create Candidate 
39232 [http-nio-8080-exec-1] INFO  c.a.a.c.c.CandidateController - 201 CREATED
181772 [http-nio-8080-exec-3] INFO  c.a.a.c.c.CandidateController - Requesting to Create Candidate 
181986 [http-nio-8080-exec-3] INFO  c.a.a.c.c.CandidateController - 201 CREATED
204231 [http-nio-8080-exec-4] INFO  c.a.a.c.c.CandidateController - Requesting For All Candidate EmpIds
204234 [http-nio-8080-exec-6] INFO  c.a.a.c.c.CandidateController - Requesting For All Skills
204234 [http-nio-8080-exec-5] INFO  c.a.a.c.c.CandidateController - Requesting For All Locations
204234 [http-nio-8080-exec-7] INFO  c.a.a.c.c.CandidateController - Requesting For All JobDescriptions
204236 [http-nio-8080-exec-8] INFO  c.a.a.c.c.CandidateController - Requesting For All Institutes
204238 [http-nio-8080-exec-4] INFO  c.a.a.c.c.CandidateController - 200 OK
204246 [http-nio-8080-exec-6] INFO  c.a.a.c.c.CandidateController - 200 OK
204253 [http-nio-8080-exec-8] INFO  c.a.a.c.c.CandidateController - 200 OK
204258 [http-nio-8080-exec-5] INFO  c.a.a.c.c.CandidateController - 200 OK
204277 [http-nio-8080-exec-7] INFO  c.a.a.c.c.CandidateController - 200 OK
206052 [http-nio-8080-exec-9] INFO  c.a.a.c.c.CandidateController - Requesting For Candidate By all : undefined
206059 [http-nio-8080-exec-9] INFO  c.a.a.c.c.CandidateController - 200 OK
229409 [http-nio-8080-exec-1] INFO  c.a.a.c.c.CandidateController - Requesting to Update Candidate : int375
230137 [http-nio-8080-exec-1] INFO  c.a.a.c.c.CandidateController - 204 NO_CONTENT
294948 [http-nio-8080-exec-10] INFO  c.a.a.c.c.CandidateController - Requesting For All JobDescriptions
294948 [http-nio-8080-exec-1] INFO  c.a.a.c.c.CandidateController - Requesting For All Skills
294948 [http-nio-8080-exec-9] INFO  c.a.a.c.c.CandidateController - Requesting For All Locations
294950 [http-nio-8080-exec-2] INFO  c.a.a.c.c.CandidateController - Requesting For All Institutes
294960 [http-nio-8080-exec-10] INFO  c.a.a.c.c.CandidateController - 200 OK
294960 [http-nio-8080-exec-1] INFO  c.a.a.c.c.CandidateController - 200 OK
294961 [http-nio-8080-exec-9] INFO  c.a.a.c.c.CandidateController - 200 OK
294965 [http-nio-8080-exec-2] INFO  c.a.a.c.c.CandidateController - 200 OK
313460 [http-nio-8080-exec-3] INFO  c.a.a.c.c.CandidateController - Requesting to Create Candidate 
313915 [http-nio-8080-exec-3] INFO  c.a.a.c.c.CandidateController - 201 CREATED
315719 [http-nio-8080-exec-5] INFO  c.a.a.c.c.CandidateController - Requesting For All JobDescriptions
315719 [http-nio-8080-exec-6] INFO  c.a.a.c.c.CandidateController - Requesting For All Locations
315719 [http-nio-8080-exec-4] INFO  c.a.a.c.c.CandidateController - Requesting For All Candidate EmpIds
315721 [http-nio-8080-exec-8] INFO  c.a.a.c.c.CandidateController - Requesting For All Skills
315721 [http-nio-8080-exec-7] INFO  c.a.a.c.c.CandidateController - Requesting For All Institutes
315723 [http-nio-8080-exec-5] INFO  c.a.a.c.c.CandidateController - 200 OK
315723 [http-nio-8080-exec-6] INFO  c.a.a.c.c.CandidateController - 200 OK
315723 [http-nio-8080-exec-4] INFO  c.a.a.c.c.CandidateController - 200 OK
315726 [http-nio-8080-exec-8] INFO  c.a.a.c.c.CandidateController - 200 OK
315726 [http-nio-8080-exec-7] INFO  c.a.a.c.c.CandidateController - 200 OK
316706 [http-nio-8080-exec-1] INFO  c.a.a.c.c.CandidateController - Requesting For Candidate By all : undefined
316709 [http-nio-8080-exec-1] INFO  c.a.a.c.c.CandidateController - 200 OK
676  [main] INFO  c.a.a.c.CandidateManagementApplication - Starting CandidateManagementApplication on Ultron with PID 12044 (D:\Users\bubesh\Documents\workspace-spring-tool-suite-4-4.6.1.RELEASE\candidate-management\target\classes started by bubesh in D:\Users\bubesh\Documents\workspace-spring-tool-suite-4-4.6.1.RELEASE\candidate-management)
677  [main] INFO  c.a.a.c.CandidateManagementApplication - No active profile set, falling back to default profiles: default
4734 [main] INFO  c.a.a.c.CandidateManagementApplication - Started CandidateManagementApplication in 4.421 seconds (JVM running for 5.046)
131173 [http-nio-8080-exec-5] INFO  c.a.a.c.c.CandidateController - Requesting For All Institutes
131173 [http-nio-8080-exec-6] INFO  c.a.a.c.c.CandidateController - Requesting For All JobDescriptions
131173 [http-nio-8080-exec-2] INFO  c.a.a.c.c.CandidateController - Requesting For All Skills
131173 [http-nio-8080-exec-1] INFO  c.a.a.c.c.CandidateController - Requesting For All Locations
131359 [http-nio-8080-exec-4] INFO  c.a.a.c.c.CandidateController - Requesting For All Candidate EmpIds
132577 [http-nio-8080-exec-4] INFO  c.a.a.c.c.CandidateController - 200 OK
132577 [http-nio-8080-exec-5] INFO  c.a.a.c.c.CandidateController - 200 OK
132582 [http-nio-8080-exec-1] INFO  c.a.a.c.c.CandidateController - 200 OK
132582 [http-nio-8080-exec-2] INFO  c.a.a.c.c.CandidateController - 200 OK
132583 [http-nio-8080-exec-6] INFO  c.a.a.c.c.CandidateController - 200 OK
132662 [http-nio-8080-exec-7] INFO  c.a.a.c.c.CandidateController - Requesting For All Locations
132663 [http-nio-8080-exec-3] INFO  c.a.a.c.c.CandidateController - Requesting For All JobDescriptions
132663 [http-nio-8080-exec-8] INFO  c.a.a.c.c.CandidateController - Requesting For All Institutes
132667 [http-nio-8080-exec-9] INFO  c.a.a.c.c.CandidateController - Requesting For All Skills
132668 [http-nio-8080-exec-7] INFO  c.a.a.c.c.CandidateController - 200 OK
132670 [http-nio-8080-exec-3] INFO  c.a.a.c.c.CandidateController - 200 OK
132671 [http-nio-8080-exec-8] INFO  c.a.a.c.c.CandidateController - 200 OK
132678 [http-nio-8080-exec-9] INFO  c.a.a.c.c.CandidateController - 200 OK
